// Jest Snapshot v1, https://goo.gl/fbAQLP

exports[`Modal Component matches snapshot of DOM node structure 1`] = `
<DocumentFragment>
  <div
    class="modalBackdrop"
  >
    <div
      class="modalContainer"
    >
      <h3
        class="modalTitle"
      >
        Astartes
      </h3>
      <img
        alt="commercial"
      />
      <p>
        Lorem ipsum dolor sit amet consectetur, adipisicing elit. Ex, tenetur soluta ut voluptates eligendi molestiae placeat sint possimus illum ullam laboriosam atque praesentium ducimus quas expedita commodi, est ipsum optio.
      </p>
      <button
        type="button"
      >
        Close this Modal
      </button>
    </div>
  </div>
</DocumentFragment>
`;
